
0x8048350, true.c, 2
0x8048351, true.c, 2
0x8048353, true.c, 2
0x8048356, true.c, 2
0x8048359, true.c, 2
0x804835E, true.c, 2
0x8048361, true.c, 2
0x8048364, true.c, 2
0x8048367, true.c, 2
0x804836A, true.c, 2
0x804836C, true.c, 3
0x8048371, true.c, 4
0x8048372, true.c, 4

