
Invalid arguments to Add32/Add64
   at 0x........: main (arith.c:19)
 Both args derived from address 0x........ of 40-byte block alloc'd
   at 0x........: malloc (vg_replace_malloc.c:...)
   by 0x........: main (arith.c:9)

Invalid arguments to And32/And64
   at 0x........: main (arith.c:21)
 First arg derived from address 0x........ of 40-byte block alloc'd
   at 0x........: malloc (vg_replace_malloc.c:...)
   by 0x........: main (arith.c:9)
 Second arg derived from address 0x........ of 40-byte block alloc'd
   at 0x........: malloc (vg_replace_malloc.c:...)
   by 0x........: main (arith.c:8)

Invalid arguments to Mul32/Mul64
   at 0x........: main (arith.c:34)
 Both args derived from address 0x........ of 40-byte block alloc'd
   at 0x........: malloc (vg_replace_malloc.c:...)
   by 0x........: main (arith.c:9)

ERROR SUMMARY: 3 errors from 3 contexts (suppressed: 0 from 0)
