
F64
exp-ptrcheck: pc_main.c:3627 (schemeS): the 'impossible' happened.
   at 0x........: report_and_quit (m_libcassert.c:140)
   by 0x........: vgPlain_assert_fail (m_libcassert.c:205)
   by 0x........: pc_instrument (pc_main.c:3627)
   by 0x........: LibVEX_Translate (vex_main.c:500)
   by 0x........: vgPlain_translate (m_translate.c:1503)
   by 0x........: vgPlain_scheduler (scheduler.c:796)
   by 0x........: run_a_thread_NORETURN (syswrap-linux.c:89)

sched status:
  running_tid=1

Thread 1: status = VgTs_Runnable
   at 0x........: main (fp.c:7)


Note: see also the FAQ.txt in the source distribution.
It contains workarounds to several common problems.

If that doesn't help, please report this bug to: njn@valgrind.org

In the bug report, send all the above text, the valgrind
version, and what Linux distro you are using.  Thanks.

