
about to do 14 [0]
Invalid read of size 4
   at 0x........: main (idiv.c:14)
 Address 0x........ is not derived from any known block
about to do 14 [-1]

Invalid read of size 4
   at 0x........: main (idiv.c:14)
 Address 0x........ is not derived from any known block
about to do 16 [0]

Invalid read of size 4
   at 0x........: main (idiv.c:16)
 Address 0x........ is not derived from any known block
about to do 16 [-1]

Invalid read of size 4
   at 0x........: main (idiv.c:16)
 Address 0x........ is not derived from any known block
about to do 18 [0]
about to do 18 [-1]
about to do 20 [0]

Invalid read of size 4
   at 0x........: main (idiv.c:20)
 Address 0x........ is not derived from any known block
about to do 20 [-1]

Invalid read of size 4
   at 0x........: main (idiv.c:20)
 Address 0x........ is not derived from any known block
about to do 22 [0]

Invalid read of size 4
   at 0x........: main (idiv.c:22)
 Address 0x........ is not derived from any known block
about to do 22 [-1]

Invalid read of size 4
   at 0x........: main (idiv.c:22)
 Address 0x........ is not derived from any known block
about to do 23 [0]

Invalid read of size 4
   at 0x........: main (idiv.c:23)
 Address 0x........ is not derived from any known block
about to do 23 [-1]

Invalid read of size 4
   at 0x........: main (idiv.c:23)
 Address 0x........ is not derived from any known block
about to do 25 [0]
about to do 25 [-1]
about to do 26 [0]
about to do 26 [-1]
about to do 28 [0]

Invalid read of size 4
   at 0x........: main (idiv.c:28)
 Address 0x........ is not derived from any known block
about to do 28 [-1]

Invalid read of size 4
   at 0x........: main (idiv.c:28)
 Address 0x........ is not derived from any known block
about to do 29 [0]

Invalid read of size 4
   at 0x........: main (idiv.c:29)
 Address 0x........ is not derived from any known block
about to do 29 [-1]

Invalid read of size 4
   at 0x........: main (idiv.c:29)
 Address 0x........ is not derived from any known block
about to do 30 [0]

Invalid read of size 4
   at 0x........: main (idiv.c:30)
 Address 0x........ is not derived from any known block
about to do 30 [-1]

Invalid read of size 4
   at 0x........: main (idiv.c:30)
 Address 0x........ is not derived from any known block
about to do 31 [0]

Invalid read of size 4
   at 0x........: main (idiv.c:31)
 Address 0x........ is not derived from any known block
about to do 31 [-1]

Invalid read of size 4
   at 0x........: main (idiv.c:31)
 Address 0x........ is not derived from any known block
about to do 33 [0]

Invalid read of size 4
   at 0x........: main (idiv.c:33)
 Address 0x........ is not derived from any known block
about to do 33 [-1]

Invalid read of size 4
   at 0x........: main (idiv.c:33)
 Address 0x........ is not derived from any known block
about to do 34 [0]

Invalid read of size 4
   at 0x........: main (idiv.c:34)
 Address 0x........ is not derived from any known block
about to do 34 [-1]

Invalid read of size 4
   at 0x........: main (idiv.c:34)
 Address 0x........ is not derived from any known block
about to do 36 [0]

Invalid read of size 4
   at 0x........: main (idiv.c:36)
 Address 0x........ is not derived from any known block
about to do 36 [-1]

Invalid read of size 4
   at 0x........: main (idiv.c:36)
 Address 0x........ is not derived from any known block
about to do 37 [0]

Invalid read of size 4
   at 0x........: main (idiv.c:37)
 Address 0x........ is not derived from any known block
about to do 37 [-1]

Invalid read of size 4
   at 0x........: main (idiv.c:37)
 Address 0x........ is not derived from any known block

ERROR SUMMARY: 26 errors from 26 contexts (suppressed: 0 from 0)
