
about to do 14 [0]
Invalid read of size 4
   at 0x........: main (imul.c:14)
 Address 0x........ is not derived from any known block
about to do 14 [-1]

Invalid read of size 4
   at 0x........: main (imul.c:14)
 Address 0x........ is not derived from any known block
about to do 16 [0]

Invalid read of size 4
   at 0x........: main (imul.c:16)
 Address 0x........ is not derived from any known block
about to do 16 [-1]

Invalid read of size 4
   at 0x........: main (imul.c:16)
 Address 0x........ is not derived from any known block
about to do 18 [0]

Invalid read of size 4
   at 0x........: main (imul.c:18)
 Address 0x........ is not derived from any known block
about to do 18 [-1]

Invalid read of size 4
   at 0x........: main (imul.c:18)
 Address 0x........ is not derived from any known block

Invalid arguments to Mul32/Mul64
   at 0x........: main (imul.c:20)
 Both args derived from address 0x........ of 40-byte block alloc'd
   at 0x........: malloc (vg_replace_malloc.c:...)
   by 0x........: main (arith_include2.c:22)
about to do 20 [0]

Invalid read of size 4
   at 0x........: main (imul.c:20)
 Address 0x........ is not derived from any known block
about to do 20 [-1]

Invalid read of size 4
   at 0x........: main (imul.c:20)
 Address 0x........ is not derived from any known block
about to do 22 [0]

Invalid read of size 4
   at 0x........: main (imul.c:22)
 Address 0x........ is not derived from any known block
about to do 22 [-1]

Invalid read of size 4
   at 0x........: main (imul.c:22)
 Address 0x........ is not derived from any known block
about to do 23 [0]

Invalid read of size 4
   at 0x........: main (imul.c:23)
 Address 0x........ is not derived from any known block
about to do 23 [-1]

Invalid read of size 4
   at 0x........: main (imul.c:23)
 Address 0x........ is not derived from any known block
about to do 25 [0]

Invalid read of size 4
   at 0x........: main (imul.c:25)
 Address 0x........ is not derived from any known block
about to do 25 [-1]

Invalid read of size 4
   at 0x........: main (imul.c:25)
 Address 0x........ is not derived from any known block
about to do 26 [0]

Invalid read of size 4
   at 0x........: main (imul.c:26)
 Address 0x........ is not derived from any known block
about to do 26 [-1]

Invalid read of size 4
   at 0x........: main (imul.c:26)
 Address 0x........ is not derived from any known block
about to do 28 [0]

Invalid read of size 4
   at 0x........: main (imul.c:28)
 Address 0x........ is not derived from any known block
about to do 28 [-1]

Invalid read of size 4
   at 0x........: main (imul.c:28)
 Address 0x........ is not derived from any known block
about to do 29 [0]

Invalid read of size 4
   at 0x........: main (imul.c:29)
 Address 0x........ is not derived from any known block
about to do 29 [-1]

Invalid read of size 4
   at 0x........: main (imul.c:29)
 Address 0x........ is not derived from any known block
about to do 30 [0]

Invalid read of size 4
   at 0x........: main (imul.c:30)
 Address 0x........ is not derived from any known block
about to do 30 [-1]

Invalid read of size 4
   at 0x........: main (imul.c:30)
 Address 0x........ is not derived from any known block
about to do 31 [0]
about to do 31 [-1]
about to do 33 [0]

Invalid read of size 4
   at 0x........: main (imul.c:33)
 Address 0x........ is not derived from any known block
about to do 33 [-1]

Invalid read of size 4
   at 0x........: main (imul.c:33)
 Address 0x........ is not derived from any known block
about to do 34 [0]

Invalid read of size 4
   at 0x........: main (imul.c:34)
 Address 0x........ is not derived from any known block
about to do 34 [-1]

Invalid read of size 4
   at 0x........: main (imul.c:34)
 Address 0x........ is not derived from any known block
about to do 36 [0]

Invalid read of size 4
   at 0x........: main (imul.c:36)
 Address 0x........ is not derived from any known block
about to do 36 [-1]

Invalid read of size 4
   at 0x........: main (imul.c:36)
 Address 0x........ is not derived from any known block
about to do 37 [0]

Invalid read of size 4
   at 0x........: main (imul.c:37)
 Address 0x........ is not derived from any known block
about to do 37 [-1]

Invalid read of size 4
   at 0x........: main (imul.c:37)
 Address 0x........ is not derived from any known block

ERROR SUMMARY: 31 errors from 31 contexts (suppressed: 0 from 0)
