
mm: mm.c:34: main: Assertion `((void *)0) == res2' failed.
syscallno == 270

exp-ptrcheck: the 'impossible' happened:
   unhandled syscall
   at 0x........: report_and_quit (m_libcassert.c:140)
   by 0x........: panic (m_libcassert.c:215)
   by 0x........: vgPlain_tool_panic (m_libcassert.c:230)
   by 0x........: ...
   by 0x........: ...
   by 0x........: vgPlain_fixup_guest_state_after_syscall_interrupted (syswrap-main.c:1353)
   by 0x........: async_signalhandler (m_signals.c:1627)
   by 0x........: ...
   by 0x........: myvprintf_int64 (m_debuglog.c:596)
   by 0x........: ???
   by 0x........: ???
   by 0x........: ???
   by 0x........: ???
   by 0x........: ???
   by 0x........: ???
   by 0x........: ???
   by 0x........: ...
   by 0x........: ???
   by 0x........: ???
   by 0x........: ???
   by 0x........: ???

sched status:
  running_tid=1

Thread 1: status = VgTs_Runnable
   at 0x........: raise (in /...libc...)
   by 0x........: ...
   by 0x........: ...
   by 0x........: main (mm.c:34)


Note: see also the FAQ.txt in the source distribution.
It contains workarounds to several common problems.

If that doesn't help, please report this bug to: njn@valgrind.org

In the bug report, send all the above text, the valgrind
version, and what Linux distro you are using.  Thanks.

