valgrind: Bad option '--sloppy-malloc=no'; aborting.
valgrind: Use --help for more information.
