valgrind: Bad option '--partial-loads-ok=no'; aborting.
valgrind: Use --help for more information.
