valgrind: failed to start tool 'exp-ptrcheck' for platform 'amd64-linux': No such file or directory
