valgrind: Bad option '--partial-loads-ok=yes'; aborting.
valgrind: Use --help for more information.
